[    0.000000] Linux version 4.19.0-thor_kernel (root@sclolus) (gcc version 8.2.0 (GCC)) #1 SMP Fri Nov 23 19:52:07 GMT 2018
[    0.000000] Command line: BOOT_IMAGE=/vmlinuz-4.19 root=/dev/sda3 ro net.ifnames=0
[    0.000000] x86/fpu: Supporting XSAVE feature 0x001: 'x87 floating point registers'
[    0.000000] x86/fpu: Supporting XSAVE feature 0x002: 'SSE registers'
[    0.000000] x86/fpu: Supporting XSAVE feature 0x004: 'AVX registers'
[    0.000000] x86/fpu: xstate_offset[2]:  576, xstate_sizes[2]:  256
[    0.000000] x86/fpu: Enabled xstate features 0x7, context size is 832 bytes, using 'standard' format.
[    0.000000] BIOS-provided physical RAM map:
[    0.000000] BIOS-e820: [mem 0x0000000000000000-0x000000000009fbff] usable
[    0.000000] BIOS-e820: [mem 0x000000000009fc00-0x000000000009ffff] reserved
[    0.000000] BIOS-e820: [mem 0x00000000000f0000-0x00000000000fffff] reserved
[    0.000000] BIOS-e820: [mem 0x0000000000100000-0x00000000dbfeffff] usable
[    0.000000] BIOS-e820: [mem 0x00000000dbff0000-0x00000000dbffffff] ACPI data
[    0.000000] BIOS-e820: [mem 0x00000000fec00000-0x00000000fec00fff] reserved
[    0.000000] BIOS-e820: [mem 0x00000000fee00000-0x00000000fee00fff] reserved
[    0.000000] BIOS-e820: [mem 0x00000000fffc0000-0x00000000ffffffff] reserved
[    0.000000] BIOS-e820: [mem 0x0000000100000000-0x000000013c1fffff] usable
[    0.000000] NX (Execute Disable) protection: active
[    0.000000] SMBIOS 2.5 present.
[    0.000000] DMI: innotek GmbH VirtualBox/VirtualBox, BIOS VirtualBox 12/01/2006
[    0.000000] tsc: Fast TSC calibration using PIT
[    0.000000] tsc: Detected 2893.438 MHz processor
[    0.001521] e820: update [mem 0x00000000-0x00000fff] usable ==> reserved
[    0.001524] e820: remove [mem 0x000a0000-0x000fffff] usable
[    0.001529] last_pfn = 0x13c200 max_arch_pfn = 0x400000000
[    0.001538] MTRR default type: uncachable
[    0.001540] MTRR variable ranges disabled:
[    0.001541] Disabled
[    0.001544] x86/PAT: MTRRs disabled, skipping PAT initialization too.
[    0.001547] CPU MTRRs all blank - virtualized system.
[    0.001550] x86/PAT: Configuration [0-7]: WB  WT  UC- UC  WB  WT  UC- UC  
[    0.001554] last_pfn = 0xdbff0 max_arch_pfn = 0x400000000
[    0.001614] found SMP MP-table at [mem 0x0009fff0-0x0009ffff] mapped at [(____ptrval____)]
[    0.001629] Scanning 1 areas for low memory corruption
[    0.001633] Base memory trampoline at [(____ptrval____)] 99000 size 24576
[    0.001657] BRK [0xccc01000, 0xccc01fff] PGTABLE
[    0.001661] BRK [0xccc02000, 0xccc02fff] PGTABLE
[    0.001663] BRK [0xccc03000, 0xccc03fff] PGTABLE
[    0.001693] BRK [0xccc04000, 0xccc04fff] PGTABLE
[    0.001696] BRK [0xccc05000, 0xccc05fff] PGTABLE
[    0.002183] ACPI: Early table checksum verification disabled
[    0.002205] ACPI: RSDP 0x00000000000E0000 000024 (v02 VBOX  )
[    0.002210] ACPI: XSDT 0x00000000DBFF0040 00004C (v01 VBOX   VBOXXSDT 00000001 ASL  00000061)
[    0.002218] ACPI: FACP 0x00000000DBFF0110 0000F4 (v04 VBOX   VBOXFACP 00000001 ASL  00000061)
[    0.002225] ACPI: DSDT 0x00000000DBFF0540 0021FF (v02 VBOX   VBOXBIOS 00000002 INTL 20100528)
[    0.002230] ACPI: FACS 0x00000000DBFF0240 000040
[    0.002235] ACPI: FACS 0x00000000DBFF0240 000040
[    0.002240] ACPI: APIC 0x00000000DBFF0280 00006C (v02 VBOX   VBOXAPIC 00000001 ASL  00000061)
[    0.002245] ACPI: HPET 0x00000000DBFF02F0 000038 (v01 VBOX   VBOXHPET 00000001 ASL  00000061)
[    0.002250] ACPI: MCFG 0x00000000DBFF0330 00003C (v01 VBOX   VBOXMCFG 00000001 ASL  00000061)
[    0.002255] ACPI: SSDT 0x00000000DBFF0370 0001CC (v01 VBOX   VBOXCPUT 00000002 INTL 20100528)
[    0.002265] ACPI: Local APIC address 0xfee00000
[    0.002474] No NUMA configuration found
[    0.002476] Faking a node at [mem 0x0000000000000000-0x000000013c1fffff]
[    0.002480] NODE_DATA(0) allocated [mem 0x13c1f8000-0x13c1fbfff]
[    0.002716] Zone ranges:
[    0.002718]   DMA      [mem 0x0000000000001000-0x0000000000ffffff]
[    0.002721]   DMA32    [mem 0x0000000001000000-0x00000000ffffffff]
[    0.002723]   Normal   [mem 0x0000000100000000-0x000000013c1fffff]
[    0.002725] Movable zone start for each node
[    0.002727] Early memory node ranges
[    0.002729]   node   0: [mem 0x0000000000001000-0x000000000009efff]
[    0.002731]   node   0: [mem 0x0000000000100000-0x00000000dbfeffff]
[    0.002733]   node   0: [mem 0x0000000100000000-0x000000013c1fffff]
[    0.003442] Reserved but unavailable: 16498 pages
[    0.003445] Initmem setup node 0 [mem 0x0000000000001000-0x000000013c1fffff]
[    0.003448] On node 0 totalpages: 1147278
[    0.003450]   DMA zone: 64 pages used for memmap
[    0.003452]   DMA zone: 21 pages reserved
[    0.003453]   DMA zone: 3998 pages, LIFO batch:0
[    0.003535]   DMA32 zone: 14016 pages used for memmap
[    0.003536]   DMA32 zone: 897008 pages, LIFO batch:63
[    0.027484]   Normal zone: 3848 pages used for memmap
[    0.027487]   Normal zone: 246272 pages, LIFO batch:63
[    0.035226] ACPI: PM-Timer IO Port: 0x4008
[    0.035232] ACPI: Local APIC address 0xfee00000
[    0.035288] IOAPIC[0]: apic_id 4, version 32, address 0xfec00000, GSI 0-23
[    0.035293] ACPI: INT_SRC_OVR (bus 0 bus_irq 0 global_irq 2 dfl dfl)
[    0.035296] ACPI: INT_SRC_OVR (bus 0 bus_irq 9 global_irq 9 low level)
[    0.035300] ACPI: IRQ0 used by override.
[    0.035302] ACPI: IRQ9 used by override.
[    0.035305] Using ACPI (MADT) for SMP configuration information
[    0.035309] ACPI: HPET id: 0x8086a201 base: 0xfed00000
[    0.035320] smpboot: Allowing 4 CPUs, 0 hotplug CPUs
[    0.035331] PM: Registered nosave memory: [mem 0x00000000-0x00000fff]
[    0.035334] PM: Registered nosave memory: [mem 0x0009f000-0x0009ffff]
[    0.035336] PM: Registered nosave memory: [mem 0x000a0000-0x000effff]
[    0.035337] PM: Registered nosave memory: [mem 0x000f0000-0x000fffff]
[    0.035340] PM: Registered nosave memory: [mem 0xdbff0000-0xdbffffff]
[    0.035342] PM: Registered nosave memory: [mem 0xdc000000-0xfebfffff]
[    0.035343] PM: Registered nosave memory: [mem 0xfec00000-0xfec00fff]
[    0.035345] PM: Registered nosave memory: [mem 0xfec01000-0xfedfffff]
[    0.035347] PM: Registered nosave memory: [mem 0xfee00000-0xfee00fff]
[    0.035349] PM: Registered nosave memory: [mem 0xfee01000-0xfffbffff]
[    0.035350] PM: Registered nosave memory: [mem 0xfffc0000-0xffffffff]
[    0.035353] [mem 0xdc000000-0xfebfffff] available for PCI devices
[    0.035357] clocksource: refined-jiffies: mask: 0xffffffff max_cycles: 0xffffffff, max_idle_ns: 1910969940391419 ns
[    0.035367] random: get_random_bytes called from start_kernel+0x90/0x4a8 with crng_init=0
[    0.035374] setup_percpu: NR_CPUS:64 nr_cpumask_bits:64 nr_cpu_ids:4 nr_node_ids:1
[    0.035746] percpu: Embedded 43 pages/cpu @(____ptrval____) s138456 r8192 d29480 u524288
[    0.035752] pcpu-alloc: s138456 r8192 d29480 u524288 alloc=1*2097152
[    0.035755] pcpu-alloc: [0] 0 1 2 3 
[    0.035770] Built 1 zonelists, mobility grouping on.  Total pages: 1129329
[    0.035772] Policy zone: Normal
[    0.035775] Kernel command line: BOOT_IMAGE=/vmlinuz-4.19 root=/dev/sda3 ro net.ifnames=0
[    0.044954] Calgary: detecting Calgary via BIOS EBDA area
[    0.044961] Calgary: Unable to locate Rio Grande table in EBDA - bailing!
[    0.055356] Memory: 4423896K/4589112K available (14348K kernel code, 1311K rwdata, 3120K rodata, 1248K init, 1396K bss, 165216K reserved, 0K cma-reserved)
[    0.055700] SLUB: HWalign=64, Order=0-3, MinObjects=0, CPUs=4, Nodes=1
[    0.055706] Kernel/User page tables isolation: enabled
[    0.056034] rcu: Hierarchical RCU implementation.
[    0.056036] rcu: 	RCU event tracing is enabled.
[    0.056038] rcu: 	RCU restricting CPUs from NR_CPUS=64 to nr_cpu_ids=4.
[    0.056040] rcu: Adjusting geometry for rcu_fanout_leaf=16, nr_cpu_ids=4
[    0.056190] NR_IRQS: 4352, nr_irqs: 456, preallocated irqs: 16
[    0.063584] Console: colour VGA+ 80x25
[    0.098977] console [tty0] enabled
[    0.099293] ACPI: Core revision 20180810
[    0.099768] clocksource: hpet: mask: 0xffffffff max_cycles: 0xffffffff, max_idle_ns: 133484882848 ns
[    0.100338] hpet clockevent registered
[    0.100368] APIC: Switch to symmetric I/O mode setup
[    0.101523] ..TIMER: vector=0x30 apic1=0 pin1=2 apic2=-1 pin2=-1
[    0.106539] clocksource: tsc-early: mask: 0xffffffffffffffff max_cycles: 0x29b50c41951, max_idle_ns: 440795259070 ns
[    0.107112] Calibrating delay loop (skipped), value calculated using timer frequency.. 5786.87 BogoMIPS (lpj=2893438)
[    0.108100] pid_max: default: 32768 minimum: 301
[    0.108440] Security Framework initialized
[    0.108753] SELinux:  Initializing.
[    0.110159] Dentry cache hash table entries: 1048576 (order: 11, 8388608 bytes)
[    0.111645] Inode-cache hash table entries: 524288 (order: 10, 4194304 bytes)
[    0.112511] Mount-cache hash table entries: 16384 (order: 5, 131072 bytes)
[    0.112904] Mountpoint-cache hash table entries: 16384 (order: 5, 131072 bytes)
[    0.113273] mce: CPU supports 0 MCE banks
[    0.113605] Last level iTLB entries: 4KB 512, 2MB 8, 4MB 8
[    0.113954] Last level dTLB entries: 4KB 512, 2MB 32, 4MB 32, 1GB 0
[    0.114100] Spectre V2 : Mitigation: Full generic retpoline
[    0.114452] Spectre V2 : Spectre v2 / SpectreRSB mitigation: Filling RSB on context switch
[    0.114989] Speculative Store Bypass: Vulnerable
[    0.115254] Freeing SMP alternatives memory: 40K
[    0.116093] smpboot: CPU0: Intel(R) Core(TM) i5-3470S CPU @ 2.90GHz (family: 0x6, model: 0x3a, stepping: 0x9)
[    0.116093] Performance Events: unsupported p6 CPU model 58 no PMU driver, software events only.
[    0.116154] rcu: Hierarchical SRCU implementation.
[    0.116650] smp: Bringing up secondary CPUs ...
[    0.117228] x86: Booting SMP configuration:
[    0.117541] .... node  #0, CPUs:      #1
[    0.043744] mce: CPU supports 0 MCE banks
[    0.119251]  #2
[    0.043744] mce: CPU supports 0 MCE banks
[    0.121280]  #3
[    0.043744] mce: CPU supports 0 MCE banks
[    0.123124] smp: Brought up 1 node, 4 CPUs
[    0.125100] smpboot: Max logical packages: 1
[    0.125445] smpboot: Total of 4 processors activated (23147.50 BogoMIPS)
[    0.126363] devtmpfs: initialized
[    0.127253] clocksource: jiffies: mask: 0xffffffff max_cycles: 0xffffffff, max_idle_ns: 1911260446275000 ns
[    0.127860] futex hash table entries: 1024 (order: 4, 65536 bytes)
[    0.128231] RTC time: 20:13:31, date: 11/23/18
[    0.129147] NET: Registered protocol family 16
[    0.129597] audit: initializing netlink subsys (disabled)
[    0.129960] audit: type=2000 audit(1543004011.030:1): state=initialized audit_enabled=0 res=1
[    0.130209] cpuidle: using governor menu
[    0.130454] ACPI: bus type PCI registered
[    0.131164] PCI: MMCONFIG for domain 0000 [bus 00-3f] at [mem 0xdc000000-0xdfffffff] (base 0xdc000000)
[    0.131682] PCI: not using MMCONFIG
[    0.132100] PCI: Using configuration type 1 for base access
[    0.135170] HugeTLB registered 2.00 MiB page size, pre-allocated 0 pages
[    0.136295] ACPI: Added _OSI(Module Device)
[    0.136635] ACPI: Added _OSI(Processor Device)
[    0.137114] ACPI: Added _OSI(3.0 _SCP Extensions)
[    0.137485] ACPI: Added _OSI(Processor Aggregator Device)
[    0.138119] ACPI: Added _OSI(Linux-Dell-Video)
[    0.138430] ACPI: Added _OSI(Linux-Lenovo-NV-HDMI-Audio)
[    0.140230] ACPI: 2 ACPI AML tables successfully acquired and loaded
[    0.141918] ACPI: Interpreter enabled
[    0.142109] ACPI: (supports S0 S5)
[    0.142412] ACPI: Using IOAPIC for interrupt routing
[    0.142893] PCI: MMCONFIG for domain 0000 [bus 00-3f] at [mem 0xdc000000-0xdfffffff] (base 0xdc000000)
[    0.143278] PCI: MMCONFIG at [mem 0xdc000000-0xdfffffff] reserved in ACPI motherboard resources
[    0.144106] PCI: Using host bridge windows from ACPI; if necessary, use "pci=nocrs" and report a bug
[    0.144970] ACPI: Enabled 2 GPEs in block 00 to 07
[    0.149197] ACPI: PCI Root Bridge [PCI0] (domain 0000 [bus 00-ff])
[    0.149556] acpi PNP0A03:00: _OSC: OS supports [ExtendedConfig ASPM ClockPM Segments MSI]
[    0.150060] acpi PNP0A03:00: _OSC: OS now controls [PME AER PCIeCapability LTR]
[    0.150115] acpi PNP0A03:00: [Firmware Info]: MMCONFIG for domain 0000 [bus 00-3f] only partially covers this bridge
[    0.152269] PCI host bridge to bus 0000:00
[    0.152543] pci_bus 0000:00: root bus resource [io  0x0000-0x0cf7 window]
[    0.152877] pci_bus 0000:00: root bus resource [io  0x0d00-0xffff window]
[    0.153100] pci_bus 0000:00: root bus resource [mem 0x000a0000-0x000bffff window]
[    0.153523] pci_bus 0000:00: root bus resource [mem 0xdc000000-0xfdffffff window]
[    0.154100] pci_bus 0000:00: root bus resource [mem 0x13c200000-0xfffffffff pref window]
[    0.154594] pci_bus 0000:00: root bus resource [bus 00-ff]
[    0.154980] pci 0000:00:02.0: [80ee:beef] type 00 class 0x030000
[    0.158134] pci 0000:00:02.0: reg 0x10: [mem 0xe0000000-0xe0ffffff pref]
[    0.172844] pci 0000:00:03.0: [1022:2000] type 00 class 0x020000
[    0.174236] pci 0000:00:03.0: reg 0x10: [io  0xd000-0xd01f]
[    0.176321] pci 0000:00:03.0: reg 0x14: [mem 0xe1000000-0xe1000fff]
[    0.187373] pci 0000:00:04.0: [80ee:cafe] type 00 class 0x088000
[    0.189218] pci 0000:00:04.0: reg 0x10: [io  0xd020-0xd03f]
[    0.191220] pci 0000:00:04.0: reg 0x14: [mem 0xe1400000-0xe17fffff]
[    0.193221] pci 0000:00:04.0: reg 0x18: [mem 0xe1800000-0xe1803fff pref]
[    0.201579] pci 0000:00:05.0: [8086:2415] type 00 class 0x040100
[    0.201739] pci 0000:00:05.0: reg 0x10: [io  0xd100-0xd1ff]
[    0.201859] pci 0000:00:05.0: reg 0x14: [io  0xd200-0xd23f]
[    0.202545] pci 0000:00:07.0: [8086:7113] type 00 class 0x068000
[    0.202960] pci 0000:00:07.0: quirk: [io  0x4000-0x403f] claimed by PIIX4 ACPI
[    0.203112] pci 0000:00:07.0: quirk: [io  0x4100-0x410f] claimed by PIIX4 SMB
[    0.204212] pci 0000:00:1f.0: [8086:27b9] type 00 class 0x060100
[    0.204644] pci 0000:00:1f.0: quirk: [io  0x8000-0x807f] claimed by ICH6 ACPI/GPIO/TCO
[    0.205375] pci 0000:00:1f.1: [8086:7111] type 00 class 0x01018a
[    0.205840] pci 0000:00:1f.1: reg 0x20: [io  0xd240-0xd24f]
[    0.206027] pci 0000:00:1f.1: legacy IDE quirk: reg 0x10: [io  0x01f0-0x01f7]
[    0.206100] pci 0000:00:1f.1: legacy IDE quirk: reg 0x14: [io  0x03f6]
[    0.206505] pci 0000:00:1f.1: legacy IDE quirk: reg 0x18: [io  0x0170-0x0177]
[    0.207100] pci 0000:00:1f.1: legacy IDE quirk: reg 0x1c: [io  0x0376]
[    0.208637] ACPI: PCI Interrupt Link [LNKA] (IRQs 5 9 10 *11), disabled.
[    0.209304] ACPI: PCI Interrupt Link [LNKB] (IRQs 5 *9 10 11), disabled.
[    0.210189] ACPI: PCI Interrupt Link [LNKC] (IRQs 5 9 10 *11), disabled.
[    0.210643] ACPI: PCI Interrupt Link [LNKD] (IRQs 5 9 10 *11), disabled.
[    0.211400] pci 0000:00:02.0: vgaarb: setting as boot VGA device
[    0.211793] pci 0000:00:02.0: vgaarb: VGA device added: decodes=io+mem,owns=io+mem,locks=none
[    0.212126] pci 0000:00:02.0: vgaarb: bridge control possible
[    0.213099] vgaarb: loaded
[    0.213478] SCSI subsystem initialized
[    0.214137] libata version 3.00 loaded.
[    0.214176] ACPI: bus type USB registered
[    0.214550] usbcore: registered new interface driver usbfs
[    0.214929] usbcore: registered new interface driver hub
[    0.215163] usbcore: registered new device driver usb
[    0.215629] pps_core: LinuxPPS API ver. 1 registered
[    0.216100] pps_core: Software ver. 5.3.6 - Copyright 2005-2007 Rodolfo Giometti <giometti@linux.it>
[    0.216585] PTP clock support registered
[    0.217175] EDAC MC: Ver: 3.0.0
[    0.217716] Advanced Linux Sound Architecture Driver Initialized.
[    0.218112] PCI: Using ACPI for IRQ routing
[    0.223294] PCI: pci_cache_line_size set to 64 bytes
[    0.223427] e820: reserve RAM buffer [mem 0x0009fc00-0x0009ffff]
[    0.223433] e820: reserve RAM buffer [mem 0xdbff0000-0xdbffffff]
[    0.223435] e820: reserve RAM buffer [mem 0x13c200000-0x13fffffff]
[    0.223617] NetLabel: Initializing
[    0.223921] NetLabel:  domain hash size = 128
[    0.224099] NetLabel:  protocols = UNLABELED CIPSOv4 CALIPSO
[    0.224434] NetLabel:  unlabeled traffic allowed by default
[    0.225174] HPET: 4 timers in total, 0 timers will be used for per-cpu timer
[    0.225582] hpet0: at MMIO 0xfed00000, IRQs 2, 8, 0, 0
[    0.225954] hpet0: 4 comparators, 64-bit 14.318180 MHz counter
[    0.230373] clocksource: Switched to clocksource tsc-early
[    0.241212] VFS: Disk quotas dquot_6.6.0
[    0.241654] VFS: Dquot-cache hash table entries: 512 (order 0, 4096 bytes)
[    0.242058] pnp: PnP ACPI init
[    0.242462] pnp 00:00: Plug and Play ACPI device, IDs PNP0303 (active)
[    0.242546] pnp 00:01: Plug and Play ACPI device, IDs PNP0f03 (active)
[    0.242595] pnp 00:02: Plug and Play ACPI device, IDs PNP0b00 (active)
[    0.242656] system 00:03: [mem 0xfed00000-0xfed003ff] has been reserved
[    0.243046] system 00:03: Plug and Play ACPI device, IDs PNP0103 PNP0c01 (active)
[    0.243180] system 00:04: [mem 0xdc000000-0xdfffffff] has been reserved
[    0.243701] system 00:04: Plug and Play ACPI device, IDs PNP0c02 (active)
[    0.244366] pnp: PnP ACPI: found 5 devices
[    0.257838] clocksource: acpi_pm: mask: 0xffffff max_cycles: 0xffffff, max_idle_ns: 2085701024 ns
[    0.258414] pci_bus 0000:00: resource 4 [io  0x0000-0x0cf7 window]
[    0.258417] pci_bus 0000:00: resource 5 [io  0x0d00-0xffff window]
[    0.258420] pci_bus 0000:00: resource 6 [mem 0x000a0000-0x000bffff window]
[    0.258422] pci_bus 0000:00: resource 7 [mem 0xdc000000-0xfdffffff window]
[    0.258424] pci_bus 0000:00: resource 8 [mem 0x13c200000-0xfffffffff pref window]
[    0.258482] NET: Registered protocol family 2
[    0.258941] tcp_listen_portaddr_hash hash table entries: 4096 (order: 4, 65536 bytes)
[    0.259355] TCP established hash table entries: 65536 (order: 7, 524288 bytes)
[    0.259920] TCP bind hash table entries: 65536 (order: 8, 1048576 bytes)
[    0.260700] TCP: Hash tables configured (established 65536 bind 65536)
[    0.261067] UDP hash table entries: 4096 (order: 5, 131072 bytes)
[    0.261535] UDP-Lite hash table entries: 4096 (order: 5, 131072 bytes)
[    0.261953] NET: Registered protocol family 1
[    0.262831] RPC: Registered named UNIX socket transport module.
[    0.263228] RPC: Registered udp transport module.
[    0.263550] RPC: Registered tcp transport module.
[    0.263909] RPC: Registered tcp NFSv4.1 backchannel transport module.
[    0.264486] pci 0000:00:02.0: Video device with shadowed ROM at [mem 0x000c0000-0x000dffff]
[    0.265016] PCI: CLS 0 bytes, default 64
[    0.265055] PCI-DMA: Using software bounce buffering for IO (SWIOTLB)
[    0.265372] software IO TLB: mapped [mem 0xd7ff0000-0xdbff0000] (64MB)
[    0.266164] RAPL PMU: API unit is 2^-32 Joules, 3 fixed counters, 10737418240 ms ovfl timer
[    0.266645] RAPL PMU: hw unit of domain pp0-core 2^-0 Joules
[    0.266947] RAPL PMU: hw unit of domain package 2^-0 Joules
[    0.267232] RAPL PMU: hw unit of domain pp1-gpu 2^-0 Joules
[    0.269171] Scanning for low memory corruption every 60 seconds
[    0.269924] Initialise system trusted keyrings
[    0.270334] workingset: timestamp_bits=56 max_order=21 bucket_order=0
[    0.272805] NFS: Registering the id_resolver key type
[    0.273223] Key type id_resolver registered
[    0.273703] Key type id_legacy registered
[    0.274281] fuse init (API version 7.27)
[    0.277558] cryptomgr_test (50) used greatest stack depth: 15288 bytes left
[    0.282431] Key type asymmetric registered
[    0.282761] Asymmetric key parser 'x509' registered
[    0.283104] Block layer SCSI generic (bsg) driver version 0.4 loaded (major 251)
[    0.283572] io scheduler noop registered
[    0.283854] io scheduler deadline registered
[    0.284200] io scheduler cfq registered (default)
[    0.284605] io scheduler mq-deadline registered
[    0.284911] io scheduler kyber registered
[    0.285820] ACPI: AC Adapter [AC] (on-line)
[    0.286215] input: Power Button as /devices/LNXSYSTM:00/LNXPWRBN:00/input/input0
[    0.286789] ACPI: Power Button [PWRF]
[    0.287163] input: Sleep Button as /devices/LNXSYSTM:00/LNXSLPBN:00/input/input1
[    0.287710] ACPI: Sleep Button [SLPF]
[    0.288143] ACPI: Video Device [GFX0] (multi-head: yes  rom: no  post: no)
[    0.288583] input: Video Bus as /devices/LNXSYSTM:00/LNXSYBUS:00/PNP0A03:00/LNXVIDEO:00/input/input2
[    0.289589] Serial: 8250/16550 driver, 4 ports, IRQ sharing enabled
[    0.290897] Non-volatile memory driver v1.3
[    0.291281] Linux agpgart interface v0.103
[    0.295073] loop: module loaded
[    0.295469] Guest personality initialized and is inactive
[    0.295935] VMCI host device registered (name=vmci, major=10, minor=61)
[    0.296288] Initialized host personality
[    0.296939] ata_piix 0000:00:1f.1: version 2.13
[    0.297826] scsi host0: ata_piix
[    0.298498] scsi host1: ata_piix
[    0.298833] ata1: PATA max UDMA/33 cmd 0x1f0 ctl 0x3f6 bmdma 0xd240 irq 14
[    0.299901] ata2: PATA max UDMA/33 cmd 0x170 ctl 0x376 bmdma 0xd248 irq 15
[    0.300553] e100: Intel(R) PRO/100 Network Driver, 3.5.24-k2-NAPI
[    0.300976] e100: Copyright(c) 1999-2006 Intel Corporation
[    0.301435] e1000: Intel(R) PRO/1000 Network Driver - version 7.3.21-k8-NAPI
[    0.301807] e1000: Copyright (c) 1999-2006 Intel Corporation.
[    0.302193] e1000e: Intel(R) PRO/1000 Network Driver - 3.2.6-k
[    0.302543] e1000e: Copyright(c) 1999 - 2015 Intel Corporation.
[    0.302860] sky2: driver version 1.30
[    0.303373] ehci_hcd: USB 2.0 'Enhanced' Host Controller (EHCI) Driver
[    0.303762] ehci-pci: EHCI PCI platform driver
[    0.304160] ohci_hcd: USB 1.1 'Open' Host Controller (OHCI) Driver
[    0.304543] ohci-pci: OHCI PCI platform driver
[    0.304836] uhci_hcd: USB Universal Host Controller Interface driver
[    0.305230] usbcore: registered new interface driver usblp
[    0.305580] usbcore: registered new interface driver usb-storage
[    0.305915] i8042: PNP: PS/2 Controller [PNP0303:PS2K,PNP0f03:PS2M] at 0x60,0x64 irq 1,12
[    0.306889] serio: i8042 KBD port at 0x60,0x64 irq 1
[    0.307312] serio: i8042 AUX port at 0x60,0x64 irq 12
[    0.308954] rtc_cmos 00:02: registered as rtc0
[    0.309434] input: AT Translated Set 2 keyboard as /devices/platform/i8042/serio0/input/input3
[    0.309993] rtc_cmos 00:02: alarms up to one day, 114 bytes nvram, hpet irqs
[    0.311687] device-mapper: ioctl: 4.39.0-ioctl (2018-04-03) initialised: dm-devel@redhat.com
[    0.312288] hidraw: raw HID events driver (C) Jiri Kosina
[    0.312833] usbcore: registered new interface driver usbhid
[    0.313245] usbhid: USB HID core driver
[    0.315124] Initializing XFRM netlink socket
[    0.315578] NET: Registered protocol family 10
[    0.316354] Segment Routing with IPv6
[    0.317150] sit: IPv6, IPv4 and MPLS over IPv4 tunneling driver
[    0.317653] NET: Registered protocol family 17
[    0.318003] Key type dns_resolver registered
[    0.318840] sched_clock: Marking stable (276042160, 42744632)->(430819052, -112032260)
[    0.320516] registered taskstats version 1
[    0.320834] Loading compiled-in X.509 certificates
[    0.321471]   Magic number: 10:51:246
[    0.321781] console [netcon0] enabled
[    0.322152] netconsole: network logging started
[    0.322539] cfg80211: Loading compiled-in X.509 certificates for regulatory database
[    0.323340] kworker/u8:2 (85) used greatest stack depth: 14520 bytes left
[    0.324202] cfg80211: Loaded X.509 cert 'sforshee: 00b28ddf47aef9cea7'
[    0.324703] ALSA device list:
[    0.324996]   No soundcards found.
[    0.325368] platform regulatory.0: Direct firmware load for regulatory.db failed with error -2
[    0.325857] cfg80211: failed to load regulatory.db
[    0.458319] ata1.01: NODEV after polling detection
[    0.458527] ata1.00: ATA-6: VBOX HARDDISK, 1.0, max UDMA/133
[    0.458862] ata1.00: 58720256 sectors, multi 128: LBA 
[    0.460029] scsi 0:0:0:0: Direct-Access     ATA      VBOX HARDDISK    1.0  PQ: 0 ANSI: 5
[    0.460720] sd 0:0:0:0: Attached scsi generic sg0 type 0
[    0.460749] sd 0:0:0:0: [sda] 58720256 512-byte logical blocks: (30.1 GB/28.0 GiB)
[    0.461709] sd 0:0:0:0: [sda] Write Protect is off
[    0.461997] sd 0:0:0:0: [sda] Mode Sense: 00 3a 00 00
[    0.462015] sd 0:0:0:0: [sda] Write cache: enabled, read cache: enabled, doesn't support DPO or FUA
[    0.467932]  sda: sda1 sda2 sda3 sda4
[    0.468865] sd 0:0:0:0: [sda] Attached SCSI disk
[    0.515118] input: ImExPS/2 Generic Explorer Mouse as /devices/platform/i8042/serio1/input/input5
[    0.516555] md: Waiting for all devices to be available before autodetect
[    0.516963] md: If you don't use raid, use raid=noautodetect
[    0.517541] md: Autodetecting RAID arrays.
[    0.517897] md: autorun ...
[    0.518192] md: ... autorun DONE.
[    0.521022] EXT4-fs (sda3): INFO: recovery required on readonly filesystem
[    0.521412] EXT4-fs (sda3): write access will be enabled during recovery
[    0.584570] EXT4-fs (sda3): recovery complete
[    0.585793] EXT4-fs (sda3): mounted filesystem with ordered data mode. Opts: (null)
[    0.586322] VFS: Mounted root (ext4 filesystem) readonly on device 8:3.
[    0.597288] random: fast init done
[    0.597415] devtmpfs: mounted
[    0.598715] Freeing unused kernel image memory: 1248K
[    0.601640] Write protecting the kernel read-only data: 20480k
[    0.602967] Freeing unused kernel image memory: 2004K
[    0.603698] Freeing unused kernel image memory: 976K
[    0.604139] Run /sbin/init as init process
[    0.789267] stty (97) used greatest stack depth: 13384 bytes left
[    1.128268] ip (157) used greatest stack depth: 12040 bytes left
[    1.206411] udevd[187]: starting version 3.2.7
[    1.222518] random: udevd: uninitialized urandom read (16 bytes read)
[    1.223327] random: udevd: uninitialized urandom read (16 bytes read)
[    1.223992] random: udevd: uninitialized urandom read (16 bytes read)
[    1.238551] udevd[187]: specified group 'kvm' unknown
[    1.255004] udevd[188]: starting eudev-3.2.7
[    1.270312] random: crng init done
[    1.270655] random: 2 urandom warning(s) missed due to ratelimiting
[    1.282229] tsc: Refined TSC clocksource calibration: 2893.408 MHz
[    1.282726] clocksource: tsc: mask: 0xffffffffffffffff max_cycles: 0x29b4f03a404, max_idle_ns: 440795351411 ns
[    1.283798] clocksource: Switched to clocksource tsc
[    1.380832] pcnet32: pcnet32.c:v1.35 21.Apr.2008 tsbogend@alpha.franken.de
[    1.382156] pcnet32: PCnet/FAST III 79C973 at 0xd000, 08:00:27:5a:d1:d0 assigned IRQ 19
[    1.382814] pcnet32: Found PHY 0022:561b at address 0
[    1.383544] pcnet32: eth0: registered as PCnet/FAST III 79C973
[    1.384292] pcnet32: 1 cards_found
[    1.651436] Adding 2097148k swap on /dev/sda4.  Priority:1 extents:1 across:2097148k 
[    1.669655] EXT4-fs (sda3): re-mounted. Opts: (null)
[    2.563294] EXT4-fs (sda3): re-mounted. Opts: (null)
[    3.523665] udevd[188]: specified group 'kvm' unknown
[    3.820754] pcnet32 0000:00:03.0 eth0: link up, 100Mbps, full-duplex
[    3.821629] ip (464) used greatest stack depth: 11952 bytes left
