[Tue Nov 27 02:13:16 2018] Linux version 4.20.0-rc4-next-20181126 (root@sclolus) (gcc version 8.2.0 (GCC)) #1 SMP Tue Nov 27 01:47:22 GMT 2018
[Tue Nov 27 02:13:16 2018] Command line: BOOT_IMAGE=/vmlinuz-4.20.0-rc4-next-20181126 root=/dev/sda3 ro net.ifnames=0
[Tue Nov 27 02:13:16 2018] x86/fpu: Supporting XSAVE feature 0x001: 'x87 floating point registers'
[Tue Nov 27 02:13:16 2018] x86/fpu: Supporting XSAVE feature 0x002: 'SSE registers'
[Tue Nov 27 02:13:16 2018] x86/fpu: Supporting XSAVE feature 0x004: 'AVX registers'
[Tue Nov 27 02:13:16 2018] x86/fpu: xstate_offset[2]:  576, xstate_sizes[2]:  256
[Tue Nov 27 02:13:16 2018] x86/fpu: Enabled xstate features 0x7, context size is 832 bytes, using 'standard' format.
[Tue Nov 27 02:13:16 2018] BIOS-provided physical RAM map:
[Tue Nov 27 02:13:16 2018] BIOS-e820: [mem 0x0000000000000000-0x000000000009fbff] usable
[Tue Nov 27 02:13:16 2018] BIOS-e820: [mem 0x000000000009fc00-0x000000000009ffff] reserved
[Tue Nov 27 02:13:16 2018] BIOS-e820: [mem 0x00000000000f0000-0x00000000000fffff] reserved
[Tue Nov 27 02:13:16 2018] BIOS-e820: [mem 0x0000000000100000-0x00000000dbfeffff] usable
[Tue Nov 27 02:13:16 2018] BIOS-e820: [mem 0x00000000dbff0000-0x00000000dbffffff] ACPI data
[Tue Nov 27 02:13:16 2018] BIOS-e820: [mem 0x00000000fec00000-0x00000000fec00fff] reserved
[Tue Nov 27 02:13:16 2018] BIOS-e820: [mem 0x00000000fee00000-0x00000000fee00fff] reserved
[Tue Nov 27 02:13:16 2018] BIOS-e820: [mem 0x00000000fffc0000-0x00000000ffffffff] reserved
[Tue Nov 27 02:13:16 2018] BIOS-e820: [mem 0x0000000100000000-0x000000013c1fffff] usable
[Tue Nov 27 02:13:16 2018] NX (Execute Disable) protection: active
[Tue Nov 27 02:13:16 2018] SMBIOS 2.5 present.
[Tue Nov 27 02:13:16 2018] DMI: innotek GmbH VirtualBox/VirtualBox, BIOS VirtualBox 12/01/2006
[Tue Nov 27 02:13:16 2018] tsc: Fast TSC calibration using PIT
[Tue Nov 27 02:13:16 2018] tsc: Detected 2893.306 MHz processor
[Tue Nov 27 02:13:16 2018] e820: update [mem 0x00000000-0x00000fff] usable ==> reserved
[Tue Nov 27 02:13:16 2018] e820: remove [mem 0x000a0000-0x000fffff] usable
[Tue Nov 27 02:13:16 2018] last_pfn = 0x13c200 max_arch_pfn = 0x400000000
[Tue Nov 27 02:13:16 2018] MTRR default type: uncachable
[Tue Nov 27 02:13:16 2018] MTRR variable ranges disabled:
[Tue Nov 27 02:13:16 2018] Disabled
[Tue Nov 27 02:13:16 2018] x86/PAT: MTRRs disabled, skipping PAT initialization too.
[Tue Nov 27 02:13:16 2018] CPU MTRRs all blank - virtualized system.
[Tue Nov 27 02:13:16 2018] x86/PAT: Configuration [0-7]: WB  WT  UC- UC  WB  WT  UC- UC  
[Tue Nov 27 02:13:16 2018] last_pfn = 0xdbff0 max_arch_pfn = 0x400000000
[Tue Nov 27 02:13:16 2018] found SMP MP-table at [mem 0x0009fff0-0x0009ffff] mapped at [(____ptrval____)]
[Tue Nov 27 02:13:16 2018] check: Scanning 1 areas for low memory corruption
[Tue Nov 27 02:13:16 2018] Base memory trampoline at [(____ptrval____)] 99000 size 24576
[Tue Nov 27 02:13:16 2018] BRK [0x123201000, 0x123201fff] PGTABLE
[Tue Nov 27 02:13:16 2018] BRK [0x123202000, 0x123202fff] PGTABLE
[Tue Nov 27 02:13:16 2018] BRK [0x123203000, 0x123203fff] PGTABLE
[Tue Nov 27 02:13:16 2018] BRK [0x123204000, 0x123204fff] PGTABLE
[Tue Nov 27 02:13:16 2018] BRK [0x123205000, 0x123205fff] PGTABLE
[Tue Nov 27 02:13:16 2018] BRK [0x123206000, 0x123206fff] PGTABLE
[Tue Nov 27 02:13:16 2018] BRK [0x123207000, 0x123207fff] PGTABLE
[Tue Nov 27 02:13:16 2018] BRK [0x123208000, 0x123208fff] PGTABLE
[Tue Nov 27 02:13:16 2018] BRK [0x123209000, 0x123209fff] PGTABLE
[Tue Nov 27 02:13:16 2018] ACPI: Early table checksum verification disabled
[Tue Nov 27 02:13:16 2018] ACPI: RSDP 0x00000000000E0000 000024 (v02 VBOX  )
[Tue Nov 27 02:13:16 2018] ACPI: XSDT 0x00000000DBFF0040 00004C (v01 VBOX   VBOXXSDT 00000001 ASL  00000061)
[Tue Nov 27 02:13:16 2018] ACPI: FACP 0x00000000DBFF0110 0000F4 (v04 VBOX   VBOXFACP 00000001 ASL  00000061)
[Tue Nov 27 02:13:16 2018] ACPI: DSDT 0x00000000DBFF0540 0021FF (v02 VBOX   VBOXBIOS 00000002 INTL 20100528)
[Tue Nov 27 02:13:16 2018] ACPI: FACS 0x00000000DBFF0240 000040
[Tue Nov 27 02:13:16 2018] ACPI: FACS 0x00000000DBFF0240 000040
[Tue Nov 27 02:13:16 2018] ACPI: APIC 0x00000000DBFF0280 00006C (v02 VBOX   VBOXAPIC 00000001 ASL  00000061)
[Tue Nov 27 02:13:16 2018] ACPI: HPET 0x00000000DBFF02F0 000038 (v01 VBOX   VBOXHPET 00000001 ASL  00000061)
[Tue Nov 27 02:13:16 2018] ACPI: MCFG 0x00000000DBFF0330 00003C (v01 VBOX   VBOXMCFG 00000001 ASL  00000061)
[Tue Nov 27 02:13:16 2018] ACPI: SSDT 0x00000000DBFF0370 0001CC (v01 VBOX   VBOXCPUT 00000002 INTL 20100528)
[Tue Nov 27 02:13:16 2018] ACPI: Local APIC address 0xfee00000
[Tue Nov 27 02:13:16 2018] No NUMA configuration found
[Tue Nov 27 02:13:16 2018] Faking a node at [mem 0x0000000000000000-0x000000013c1fffff]
[Tue Nov 27 02:13:16 2018] NODE_DATA(0) allocated [mem 0x13c1fc000-0x13c1fffff]
[Tue Nov 27 02:13:16 2018] Zone ranges:
[Tue Nov 27 02:13:16 2018]   DMA      [mem 0x0000000000001000-0x0000000000ffffff]
[Tue Nov 27 02:13:16 2018]   DMA32    [mem 0x0000000001000000-0x00000000ffffffff]
[Tue Nov 27 02:13:16 2018]   Normal   [mem 0x0000000100000000-0x000000013c1fffff]
[Tue Nov 27 02:13:16 2018] Movable zone start for each node
[Tue Nov 27 02:13:16 2018] Early memory node ranges
[Tue Nov 27 02:13:16 2018]   node   0: [mem 0x0000000000001000-0x000000000009efff]
[Tue Nov 27 02:13:16 2018]   node   0: [mem 0x0000000000100000-0x00000000dbfeffff]
[Tue Nov 27 02:13:16 2018]   node   0: [mem 0x0000000100000000-0x000000013c1fffff]
[Tue Nov 27 02:13:16 2018] Zeroed struct page in unavailable ranges: 16498 pages
[Tue Nov 27 02:13:16 2018] Initmem setup node 0 [mem 0x0000000000001000-0x000000013c1fffff]
[Tue Nov 27 02:13:16 2018] On node 0 totalpages: 1147278
[Tue Nov 27 02:13:16 2018]   DMA zone: 64 pages used for memmap
[Tue Nov 27 02:13:16 2018]   DMA zone: 21 pages reserved
[Tue Nov 27 02:13:16 2018]   DMA zone: 3998 pages, LIFO batch:0
[Tue Nov 27 02:13:16 2018]   DMA32 zone: 14016 pages used for memmap
[Tue Nov 27 02:13:16 2018]   DMA32 zone: 897008 pages, LIFO batch:63
[Tue Nov 27 02:13:16 2018]   Normal zone: 3848 pages used for memmap
[Tue Nov 27 02:13:16 2018]   Normal zone: 246272 pages, LIFO batch:63
[Tue Nov 27 02:13:16 2018] ACPI: PM-Timer IO Port: 0x4008
[Tue Nov 27 02:13:16 2018] ACPI: Local APIC address 0xfee00000
[Tue Nov 27 02:13:16 2018] IOAPIC[0]: apic_id 4, version 32, address 0xfec00000, GSI 0-23
[Tue Nov 27 02:13:16 2018] ACPI: INT_SRC_OVR (bus 0 bus_irq 0 global_irq 2 dfl dfl)
[Tue Nov 27 02:13:16 2018] ACPI: INT_SRC_OVR (bus 0 bus_irq 9 global_irq 9 low level)
[Tue Nov 27 02:13:16 2018] ACPI: IRQ0 used by override.
[Tue Nov 27 02:13:16 2018] ACPI: IRQ9 used by override.
[Tue Nov 27 02:13:16 2018] Using ACPI (MADT) for SMP configuration information
[Tue Nov 27 02:13:16 2018] ACPI: HPET id: 0x8086a201 base: 0xfed00000
[Tue Nov 27 02:13:16 2018] smpboot: Allowing 4 CPUs, 0 hotplug CPUs
[Tue Nov 27 02:13:16 2018] PM: Registered nosave memory: [mem 0x00000000-0x00000fff]
[Tue Nov 27 02:13:16 2018] PM: Registered nosave memory: [mem 0x0009f000-0x0009ffff]
[Tue Nov 27 02:13:16 2018] PM: Registered nosave memory: [mem 0x000a0000-0x000effff]
[Tue Nov 27 02:13:16 2018] PM: Registered nosave memory: [mem 0x000f0000-0x000fffff]
[Tue Nov 27 02:13:16 2018] PM: Registered nosave memory: [mem 0xdbff0000-0xdbffffff]
[Tue Nov 27 02:13:16 2018] PM: Registered nosave memory: [mem 0xdc000000-0xfebfffff]
[Tue Nov 27 02:13:16 2018] PM: Registered nosave memory: [mem 0xfec00000-0xfec00fff]
[Tue Nov 27 02:13:16 2018] PM: Registered nosave memory: [mem 0xfec01000-0xfedfffff]
[Tue Nov 27 02:13:16 2018] PM: Registered nosave memory: [mem 0xfee00000-0xfee00fff]
[Tue Nov 27 02:13:16 2018] PM: Registered nosave memory: [mem 0xfee01000-0xfffbffff]
[Tue Nov 27 02:13:16 2018] PM: Registered nosave memory: [mem 0xfffc0000-0xffffffff]
[Tue Nov 27 02:13:16 2018] [mem 0xdc000000-0xfebfffff] available for PCI devices
[Tue Nov 27 02:13:16 2018] clocksource: refined-jiffies: mask: 0xffffffff max_cycles: 0xffffffff, max_idle_ns: 1910969940391419 ns
[Tue Nov 27 02:13:16 2018] random: get_random_bytes called from start_kernel+0x90/0x493 with crng_init=0
[Tue Nov 27 02:13:16 2018] setup_percpu: NR_CPUS:64 nr_cpumask_bits:64 nr_cpu_ids:4 nr_node_ids:1
[Tue Nov 27 02:13:16 2018] percpu: Embedded 43 pages/cpu @(____ptrval____) s138008 r8192 d29928 u524288
[Tue Nov 27 02:13:16 2018] pcpu-alloc: s138008 r8192 d29928 u524288 alloc=1*2097152
[Tue Nov 27 02:13:16 2018] pcpu-alloc: [0] 0 1 2 3 
[Tue Nov 27 02:13:16 2018] Built 1 zonelists, mobility grouping on.  Total pages: 1129329
[Tue Nov 27 02:13:16 2018] Policy zone: Normal
[Tue Nov 27 02:13:16 2018] Kernel command line: BOOT_IMAGE=/vmlinuz-4.20.0-rc4-next-20181126 root=/dev/sda3 ro net.ifnames=0
[Tue Nov 27 02:13:16 2018] Calgary: detecting Calgary via BIOS EBDA area
[Tue Nov 27 02:13:16 2018] Calgary: Unable to locate Rio Grande table in EBDA - bailing!
[Tue Nov 27 02:13:16 2018] Memory: 4423960K/4589112K available (14341K kernel code, 1290K rwdata, 3172K rodata, 1256K init, 1404K bss, 165152K reserved, 0K cma-reserved)
[Tue Nov 27 02:13:16 2018] SLUB: HWalign=64, Order=0-3, MinObjects=0, CPUs=4, Nodes=1
[Tue Nov 27 02:13:16 2018] Kernel/User page tables isolation: enabled
[Tue Nov 27 02:13:16 2018] rcu: Hierarchical RCU implementation.
[Tue Nov 27 02:13:16 2018] rcu: 	RCU event tracing is enabled.
[Tue Nov 27 02:13:16 2018] rcu: 	RCU restricting CPUs from NR_CPUS=64 to nr_cpu_ids=4.
[Tue Nov 27 02:13:16 2018] rcu: RCU calculated value of scheduler-enlistment delay is 100 jiffies.
[Tue Nov 27 02:13:16 2018] rcu: Adjusting geometry for rcu_fanout_leaf=16, nr_cpu_ids=4
[Tue Nov 27 02:13:16 2018] NR_IRQS: 4352, nr_irqs: 456, preallocated irqs: 16
[Tue Nov 27 02:13:16 2018] Console: colour VGA+ 80x25
[Tue Nov 27 02:13:16 2018] printk: console [tty0] enabled
[Tue Nov 27 02:13:16 2018] ACPI: Core revision 20181031
[Tue Nov 27 02:13:16 2018] clocksource: hpet: mask: 0xffffffff max_cycles: 0xffffffff, max_idle_ns: 133484882848 ns
[Tue Nov 27 02:13:16 2018] hpet clockevent registered
[Tue Nov 27 02:13:16 2018] APIC: Switch to symmetric I/O mode setup
[Tue Nov 27 02:13:16 2018] ..TIMER: vector=0x30 apic1=0 pin1=2 apic2=-1 pin2=-1
[Tue Nov 27 02:13:16 2018] clocksource: tsc-early: mask: 0xffffffffffffffff max_cycles: 0x29b48f67e03, max_idle_ns: 440795282152 ns
[Tue Nov 27 02:13:16 2018] Calibrating delay loop (skipped), value calculated using timer frequency.. 5786.61 BogoMIPS (lpj=2893306)
[Tue Nov 27 02:13:16 2018] pid_max: default: 32768 minimum: 301
[Tue Nov 27 02:13:16 2018] LSM: Security Framework initializing
[Tue Nov 27 02:13:16 2018] SELinux:  Initializing.
[Tue Nov 27 02:13:16 2018] *** VALIDATE SELinux ***
[Tue Nov 27 02:13:16 2018] Dentry cache hash table entries: 1048576 (order: 11, 8388608 bytes)
[Tue Nov 27 02:13:16 2018] Inode-cache hash table entries: 524288 (order: 10, 4194304 bytes)
[Tue Nov 27 02:13:16 2018] Mount-cache hash table entries: 16384 (order: 5, 131072 bytes)
[Tue Nov 27 02:13:16 2018] Mountpoint-cache hash table entries: 16384 (order: 5, 131072 bytes)
[Tue Nov 27 02:13:16 2018] *** VALIDATE proc ***
[Tue Nov 27 02:13:16 2018] *** VALIDATE cgroup1 ***
[Tue Nov 27 02:13:16 2018] *** VALIDATE cgroup2 ***
[Tue Nov 27 02:13:16 2018] mce: CPU supports 0 MCE banks
[Tue Nov 27 02:13:16 2018] Last level iTLB entries: 4KB 512, 2MB 8, 4MB 8
[Tue Nov 27 02:13:16 2018] Last level dTLB entries: 4KB 512, 2MB 32, 4MB 32, 1GB 0
[Tue Nov 27 02:13:16 2018] Spectre V2 : Mitigation: Full generic retpoline
[Tue Nov 27 02:13:16 2018] Spectre V2 : Spectre v2 / SpectreRSB mitigation: Filling RSB on context switch
[Tue Nov 27 02:13:16 2018] Speculative Store Bypass: Vulnerable
[Tue Nov 27 02:13:16 2018] Freeing SMP alternatives memory: 40K
[Tue Nov 27 02:13:16 2018] smpboot: CPU0: Intel(R) Core(TM) i5-3470S CPU @ 2.90GHz (family: 0x6, model: 0x3a, stepping: 0x9)
[Tue Nov 27 02:13:16 2018] Performance Events: unsupported p6 CPU model 58 no PMU driver, software events only.
[Tue Nov 27 02:13:16 2018] rcu: Hierarchical SRCU implementation.
[Tue Nov 27 02:13:16 2018] smp: Bringing up secondary CPUs ...
[Tue Nov 27 02:13:16 2018] x86: Booting SMP configuration:
[Tue Nov 27 02:13:16 2018] .... node  #0, CPUs:      #1
[Tue Nov 27 02:13:16 2018] mce: CPU supports 0 MCE banks
[Tue Nov 27 02:13:16 2018]  #2
[Tue Nov 27 02:13:16 2018] mce: CPU supports 0 MCE banks
[Tue Nov 27 02:13:16 2018]  #3
[Tue Nov 27 02:13:16 2018] mce: CPU supports 0 MCE banks
[Tue Nov 27 02:13:16 2018] smp: Brought up 1 node, 4 CPUs
[Tue Nov 27 02:13:16 2018] smpboot: Max logical packages: 1
[Tue Nov 27 02:13:16 2018] smpboot: Total of 4 processors activated (23146.44 BogoMIPS)
[Tue Nov 27 02:13:16 2018] devtmpfs: initialized
[Tue Nov 27 02:13:16 2018] clocksource: jiffies: mask: 0xffffffff max_cycles: 0xffffffff, max_idle_ns: 1911260446275000 ns
[Tue Nov 27 02:13:16 2018] futex hash table entries: 1024 (order: 4, 65536 bytes)
[Tue Nov 27 02:13:16 2018] RTC time:  2:13:16, date: 11/27/18
[Tue Nov 27 02:13:16 2018] NET: Registered protocol family 16
[Tue Nov 27 02:13:16 2018] audit: initializing netlink subsys (disabled)
[Tue Nov 27 02:13:16 2018] audit: type=2000 audit(1543284795.036:1): state=initialized audit_enabled=0 res=1
[Tue Nov 27 02:13:16 2018] cpuidle: using governor menu
[Tue Nov 27 02:13:16 2018] ACPI: bus type PCI registered
[Tue Nov 27 02:13:16 2018] PCI: MMCONFIG for domain 0000 [bus 00-3f] at [mem 0xdc000000-0xdfffffff] (base 0xdc000000)
[Tue Nov 27 02:13:16 2018] PCI: not using MMCONFIG
[Tue Nov 27 02:13:16 2018] PCI: Using configuration type 1 for base access
[Tue Nov 27 02:13:16 2018] HugeTLB registered 2.00 MiB page size, pre-allocated 0 pages
[Tue Nov 27 02:13:16 2018] ACPI: Added _OSI(Module Device)
[Tue Nov 27 02:13:16 2018] ACPI: Added _OSI(Processor Device)
[Tue Nov 27 02:13:16 2018] ACPI: Added _OSI(3.0 _SCP Extensions)
[Tue Nov 27 02:13:16 2018] ACPI: Added _OSI(Processor Aggregator Device)
[Tue Nov 27 02:13:16 2018] ACPI: Added _OSI(Linux-Dell-Video)
[Tue Nov 27 02:13:16 2018] ACPI: Added _OSI(Linux-Lenovo-NV-HDMI-Audio)
[Tue Nov 27 02:13:16 2018] ACPI: 2 ACPI AML tables successfully acquired and loaded
[Tue Nov 27 02:13:16 2018] ACPI: Interpreter enabled
[Tue Nov 27 02:13:16 2018] ACPI: (supports S0 S5)
[Tue Nov 27 02:13:16 2018] ACPI: Using IOAPIC for interrupt routing
[Tue Nov 27 02:13:16 2018] PCI: MMCONFIG for domain 0000 [bus 00-3f] at [mem 0xdc000000-0xdfffffff] (base 0xdc000000)
[Tue Nov 27 02:13:16 2018] PCI: MMCONFIG at [mem 0xdc000000-0xdfffffff] reserved in ACPI motherboard resources
[Tue Nov 27 02:13:16 2018] PCI: Using host bridge windows from ACPI; if necessary, use "pci=nocrs" and report a bug
[Tue Nov 27 02:13:16 2018] ACPI: Enabled 2 GPEs in block 00 to 07
[Tue Nov 27 02:13:16 2018] ACPI: PCI Root Bridge [PCI0] (domain 0000 [bus 00-ff])
[Tue Nov 27 02:13:16 2018] acpi PNP0A03:00: _OSC: OS supports [ExtendedConfig ASPM ClockPM Segments MSI]
[Tue Nov 27 02:13:16 2018] acpi PNP0A03:00: _OSC: OS now controls [PME AER PCIeCapability LTR]
[Tue Nov 27 02:13:16 2018] acpi PNP0A03:00: [Firmware Info]: MMCONFIG for domain 0000 [bus 00-3f] only partially covers this bridge
[Tue Nov 27 02:13:16 2018] PCI host bridge to bus 0000:00
[Tue Nov 27 02:13:16 2018] pci_bus 0000:00: root bus resource [io  0x0000-0x0cf7 window]
[Tue Nov 27 02:13:16 2018] pci_bus 0000:00: root bus resource [io  0x0d00-0xffff window]
[Tue Nov 27 02:13:16 2018] pci_bus 0000:00: root bus resource [mem 0x000a0000-0x000bffff window]
[Tue Nov 27 02:13:16 2018] pci_bus 0000:00: root bus resource [mem 0xdc000000-0xfdffffff window]
[Tue Nov 27 02:13:16 2018] pci_bus 0000:00: root bus resource [mem 0x13c200000-0xfffffffff pref window]
[Tue Nov 27 02:13:16 2018] pci_bus 0000:00: root bus resource [bus 00-ff]
[Tue Nov 27 02:13:16 2018] pci 0000:00:02.0: [80ee:beef] type 00 class 0x030000
[Tue Nov 27 02:13:16 2018] pci 0000:00:02.0: reg 0x10: [mem 0xe0000000-0xe0ffffff pref]
[Tue Nov 27 02:13:16 2018] pci 0000:00:03.0: [1022:2000] type 00 class 0x020000
[Tue Nov 27 02:13:16 2018] pci 0000:00:03.0: reg 0x10: [io  0xd000-0xd01f]
[Tue Nov 27 02:13:16 2018] pci 0000:00:03.0: reg 0x14: [mem 0xe1000000-0xe1000fff]
[Tue Nov 27 02:13:16 2018] pci 0000:00:04.0: [80ee:cafe] type 00 class 0x088000
[Tue Nov 27 02:13:16 2018] pci 0000:00:04.0: reg 0x10: [io  0xd020-0xd03f]
[Tue Nov 27 02:13:16 2018] pci 0000:00:04.0: reg 0x14: [mem 0xe1400000-0xe17fffff]
[Tue Nov 27 02:13:16 2018] pci 0000:00:04.0: reg 0x18: [mem 0xe1800000-0xe1803fff pref]
[Tue Nov 27 02:13:16 2018] pci 0000:00:05.0: [8086:2415] type 00 class 0x040100
[Tue Nov 27 02:13:16 2018] pci 0000:00:05.0: reg 0x10: [io  0xd100-0xd1ff]
[Tue Nov 27 02:13:16 2018] pci 0000:00:05.0: reg 0x14: [io  0xd200-0xd23f]
[Tue Nov 27 02:13:16 2018] pci 0000:00:07.0: [8086:7113] type 00 class 0x068000
[Tue Nov 27 02:13:16 2018] pci 0000:00:07.0: quirk: [io  0x4000-0x403f] claimed by PIIX4 ACPI
[Tue Nov 27 02:13:16 2018] pci 0000:00:07.0: quirk: [io  0x4100-0x410f] claimed by PIIX4 SMB
[Tue Nov 27 02:13:16 2018] pci 0000:00:1f.0: [8086:27b9] type 00 class 0x060100
[Tue Nov 27 02:13:16 2018] pci 0000:00:1f.0: quirk: [io  0x8000-0x807f] claimed by ICH6 ACPI/GPIO/TCO
[Tue Nov 27 02:13:16 2018] pci 0000:00:1f.1: [8086:7111] type 00 class 0x01018a
[Tue Nov 27 02:13:16 2018] pci 0000:00:1f.1: reg 0x20: [io  0xd240-0xd24f]
[Tue Nov 27 02:13:16 2018] pci 0000:00:1f.1: legacy IDE quirk: reg 0x10: [io  0x01f0-0x01f7]
[Tue Nov 27 02:13:16 2018] pci 0000:00:1f.1: legacy IDE quirk: reg 0x14: [io  0x03f6]
[Tue Nov 27 02:13:16 2018] pci 0000:00:1f.1: legacy IDE quirk: reg 0x18: [io  0x0170-0x0177]
[Tue Nov 27 02:13:16 2018] pci 0000:00:1f.1: legacy IDE quirk: reg 0x1c: [io  0x0376]
[Tue Nov 27 02:13:16 2018] ACPI: PCI Interrupt Link [LNKA] (IRQs 5 9 10 *11), disabled.
[Tue Nov 27 02:13:16 2018] ACPI: PCI Interrupt Link [LNKB] (IRQs 5 *9 10 11), disabled.
[Tue Nov 27 02:13:16 2018] ACPI: PCI Interrupt Link [LNKC] (IRQs 5 9 10 *11), disabled.
[Tue Nov 27 02:13:16 2018] ACPI: PCI Interrupt Link [LNKD] (IRQs 5 9 10 *11), disabled.
[Tue Nov 27 02:13:16 2018] pci 0000:00:02.0: vgaarb: setting as boot VGA device
[Tue Nov 27 02:13:16 2018] pci 0000:00:02.0: vgaarb: VGA device added: decodes=io+mem,owns=io+mem,locks=none
[Tue Nov 27 02:13:16 2018] pci 0000:00:02.0: vgaarb: bridge control possible
[Tue Nov 27 02:13:16 2018] vgaarb: loaded
[Tue Nov 27 02:13:16 2018] SCSI subsystem initialized
[Tue Nov 27 02:13:16 2018] libata version 3.00 loaded.
[Tue Nov 27 02:13:16 2018] ACPI: bus type USB registered
[Tue Nov 27 02:13:16 2018] usbcore: registered new interface driver usbfs
[Tue Nov 27 02:13:16 2018] usbcore: registered new interface driver hub
[Tue Nov 27 02:13:16 2018] usbcore: registered new device driver usb
[Tue Nov 27 02:13:16 2018] pps_core: LinuxPPS API ver. 1 registered
[Tue Nov 27 02:13:16 2018] pps_core: Software ver. 5.3.6 - Copyright 2005-2007 Rodolfo Giometti <giometti@linux.it>
[Tue Nov 27 02:13:16 2018] PTP clock support registered
[Tue Nov 27 02:13:16 2018] EDAC MC: Ver: 3.0.0
[Tue Nov 27 02:13:16 2018] Advanced Linux Sound Architecture Driver Initialized.
[Tue Nov 27 02:13:16 2018] PCI: Using ACPI for IRQ routing
[Tue Nov 27 02:13:16 2018] PCI: pci_cache_line_size set to 64 bytes
[Tue Nov 27 02:13:16 2018] e820: reserve RAM buffer [mem 0x0009fc00-0x0009ffff]
[Tue Nov 27 02:13:16 2018] e820: reserve RAM buffer [mem 0xdbff0000-0xdbffffff]
[Tue Nov 27 02:13:16 2018] e820: reserve RAM buffer [mem 0x13c200000-0x13fffffff]
[Tue Nov 27 02:13:16 2018] NetLabel: Initializing
[Tue Nov 27 02:13:16 2018] NetLabel:  domain hash size = 128
[Tue Nov 27 02:13:16 2018] NetLabel:  protocols = UNLABELED CIPSOv4 CALIPSO
[Tue Nov 27 02:13:16 2018] NetLabel:  unlabeled traffic allowed by default
[Tue Nov 27 02:13:16 2018] HPET: 4 timers in total, 0 timers will be used for per-cpu timer
[Tue Nov 27 02:13:16 2018] hpet0: at MMIO 0xfed00000, IRQs 2, 8, 0, 0
[Tue Nov 27 02:13:16 2018] hpet0: 4 comparators, 64-bit 14.318180 MHz counter
[Tue Nov 27 02:13:16 2018] clocksource: Switched to clocksource tsc-early
[Tue Nov 27 02:13:16 2018] VFS: Disk quotas dquot_6.6.0
[Tue Nov 27 02:13:16 2018] VFS: Dquot-cache hash table entries: 512 (order 0, 4096 bytes)
[Tue Nov 27 02:13:16 2018] *** VALIDATE hugetlbfs ***
[Tue Nov 27 02:13:16 2018] pnp: PnP ACPI init
[Tue Nov 27 02:13:16 2018] pnp 00:00: Plug and Play ACPI device, IDs PNP0303 (active)
[Tue Nov 27 02:13:16 2018] pnp 00:01: Plug and Play ACPI device, IDs PNP0f03 (active)
[Tue Nov 27 02:13:16 2018] pnp 00:02: Plug and Play ACPI device, IDs PNP0b00 (active)
[Tue Nov 27 02:13:16 2018] system 00:03: [mem 0xfed00000-0xfed003ff] has been reserved
[Tue Nov 27 02:13:16 2018] system 00:03: Plug and Play ACPI device, IDs PNP0103 PNP0c01 (active)
[Tue Nov 27 02:13:16 2018] system 00:04: [mem 0xdc000000-0xdfffffff] has been reserved
[Tue Nov 27 02:13:16 2018] system 00:04: Plug and Play ACPI device, IDs PNP0c02 (active)
[Tue Nov 27 02:13:16 2018] pnp: PnP ACPI: found 5 devices
[Tue Nov 27 02:13:16 2018] clocksource: acpi_pm: mask: 0xffffff max_cycles: 0xffffff, max_idle_ns: 2085701024 ns
[Tue Nov 27 02:13:16 2018] pci_bus 0000:00: resource 4 [io  0x0000-0x0cf7 window]
[Tue Nov 27 02:13:16 2018] pci_bus 0000:00: resource 5 [io  0x0d00-0xffff window]
[Tue Nov 27 02:13:16 2018] pci_bus 0000:00: resource 6 [mem 0x000a0000-0x000bffff window]
[Tue Nov 27 02:13:16 2018] pci_bus 0000:00: resource 7 [mem 0xdc000000-0xfdffffff window]
[Tue Nov 27 02:13:16 2018] pci_bus 0000:00: resource 8 [mem 0x13c200000-0xfffffffff pref window]
[Tue Nov 27 02:13:16 2018] NET: Registered protocol family 2
[Tue Nov 27 02:13:16 2018] tcp_listen_portaddr_hash hash table entries: 4096 (order: 4, 65536 bytes)
[Tue Nov 27 02:13:16 2018] TCP established hash table entries: 65536 (order: 7, 524288 bytes)
[Tue Nov 27 02:13:16 2018] TCP bind hash table entries: 65536 (order: 8, 1048576 bytes)
[Tue Nov 27 02:13:16 2018] TCP: Hash tables configured (established 65536 bind 65536)
[Tue Nov 27 02:13:16 2018] UDP hash table entries: 4096 (order: 5, 131072 bytes)
[Tue Nov 27 02:13:16 2018] UDP-Lite hash table entries: 4096 (order: 5, 131072 bytes)
[Tue Nov 27 02:13:16 2018] NET: Registered protocol family 1
[Tue Nov 27 02:13:16 2018] RPC: Registered named UNIX socket transport module.
[Tue Nov 27 02:13:16 2018] RPC: Registered udp transport module.
[Tue Nov 27 02:13:16 2018] RPC: Registered tcp transport module.
[Tue Nov 27 02:13:16 2018] RPC: Registered tcp NFSv4.1 backchannel transport module.
[Tue Nov 27 02:13:16 2018] pci 0000:00:02.0: Video device with shadowed ROM at [mem 0x000c0000-0x000dffff]
[Tue Nov 27 02:13:16 2018] PCI: CLS 0 bytes, default 64
[Tue Nov 27 02:13:16 2018] PCI-DMA: Using software bounce buffering for IO (SWIOTLB)
[Tue Nov 27 02:13:16 2018] software IO TLB: mapped [mem 0xd7ff0000-0xdbff0000] (64MB)
[Tue Nov 27 02:13:16 2018] RAPL PMU: API unit is 2^-32 Joules, 3 fixed counters, 10737418240 ms ovfl timer
[Tue Nov 27 02:13:16 2018] RAPL PMU: hw unit of domain pp0-core 2^-0 Joules
[Tue Nov 27 02:13:16 2018] RAPL PMU: hw unit of domain package 2^-0 Joules
[Tue Nov 27 02:13:16 2018] RAPL PMU: hw unit of domain pp1-gpu 2^-0 Joules
[Tue Nov 27 02:13:16 2018] check: Scanning for low memory corruption every 60 seconds
[Tue Nov 27 02:13:16 2018] Initialise system trusted keyrings
[Tue Nov 27 02:13:16 2018] workingset: timestamp_bits=56 max_order=21 bucket_order=0
[Tue Nov 27 02:13:16 2018] NFS: Registering the id_resolver key type
[Tue Nov 27 02:13:16 2018] Key type id_resolver registered
[Tue Nov 27 02:13:16 2018] Key type id_legacy registered
[Tue Nov 27 02:13:16 2018] cryptomgr_test (49) used greatest stack depth: 15256 bytes left
[Tue Nov 27 02:13:16 2018] kworker/u8:0 (51) used greatest stack depth: 14520 bytes left
[Tue Nov 27 02:13:16 2018] kworker/u8:0 (53) used greatest stack depth: 14104 bytes left
[Tue Nov 27 02:13:16 2018] Key type asymmetric registered
[Tue Nov 27 02:13:16 2018] Asymmetric key parser 'x509' registered
[Tue Nov 27 02:13:16 2018] Block layer SCSI generic (bsg) driver version 0.4 loaded (major 251)
[Tue Nov 27 02:13:16 2018] io scheduler mq-deadline registered
[Tue Nov 27 02:13:16 2018] io scheduler kyber registered
[Tue Nov 27 02:13:16 2018] ACPI: AC Adapter [AC] (on-line)
[Tue Nov 27 02:13:16 2018] input: Power Button as /devices/LNXSYSTM:00/LNXPWRBN:00/input/input0
[Tue Nov 27 02:13:16 2018] ACPI: Power Button [PWRF]
[Tue Nov 27 02:13:16 2018] input: Sleep Button as /devices/LNXSYSTM:00/LNXSLPBN:00/input/input1
[Tue Nov 27 02:13:16 2018] ACPI: Sleep Button [SLPF]
[Tue Nov 27 02:13:16 2018] ACPI: Video Device [GFX0] (multi-head: yes  rom: no  post: no)
[Tue Nov 27 02:13:16 2018] input: Video Bus as /devices/LNXSYSTM:00/LNXSYBUS:00/PNP0A03:00/LNXVIDEO:00/input/input2
[Tue Nov 27 02:13:16 2018] Serial: 8250/16550 driver, 4 ports, IRQ sharing enabled
[Tue Nov 27 02:13:16 2018] Non-volatile memory driver v1.3
[Tue Nov 27 02:13:16 2018] Linux agpgart interface v0.103
[Tue Nov 27 02:13:16 2018] loop: module loaded
[Tue Nov 27 02:13:16 2018] ata_piix 0000:00:1f.1: version 2.13
[Tue Nov 27 02:13:16 2018] scsi host0: ata_piix
[Tue Nov 27 02:13:16 2018] scsi host1: ata_piix
[Tue Nov 27 02:13:16 2018] ata1: PATA max UDMA/33 cmd 0x1f0 ctl 0x3f6 bmdma 0xd240 irq 14
[Tue Nov 27 02:13:16 2018] ata2: PATA max UDMA/33 cmd 0x170 ctl 0x376 bmdma 0xd248 irq 15
[Tue Nov 27 02:13:16 2018] pcnet32: pcnet32.c:v1.35 21.Apr.2008 tsbogend@alpha.franken.de
[Tue Nov 27 02:13:16 2018] pcnet32: PCnet/FAST III 79C973 at 0xd000, 08:00:27:5a:d1:d0 assigned IRQ 19
[Tue Nov 27 02:13:16 2018] pcnet32: Found PHY 0022:561b at address 0
[Tue Nov 27 02:13:16 2018] pcnet32: eth0: registered as PCnet/FAST III 79C973
[Tue Nov 27 02:13:16 2018] pcnet32: 1 cards_found
[Tue Nov 27 02:13:16 2018] e100: Intel(R) PRO/100 Network Driver, 3.5.24-k2-NAPI
[Tue Nov 27 02:13:16 2018] e100: Copyright(c) 1999-2006 Intel Corporation
[Tue Nov 27 02:13:16 2018] e1000: Intel(R) PRO/1000 Network Driver - version 7.3.21-k8-NAPI
[Tue Nov 27 02:13:16 2018] e1000: Copyright (c) 1999-2006 Intel Corporation.
[Tue Nov 27 02:13:16 2018] e1000e: Intel(R) PRO/1000 Network Driver - 3.2.6-k
[Tue Nov 27 02:13:16 2018] e1000e: Copyright(c) 1999 - 2015 Intel Corporation.
[Tue Nov 27 02:13:16 2018] sky2: driver version 1.30
[Tue Nov 27 02:13:16 2018] VMware vmxnet3 virtual NIC driver - version 1.4.16.0-k-NAPI
[Tue Nov 27 02:13:16 2018] ehci_hcd: USB 2.0 'Enhanced' Host Controller (EHCI) Driver
[Tue Nov 27 02:13:16 2018] ehci-pci: EHCI PCI platform driver
[Tue Nov 27 02:13:16 2018] ohci_hcd: USB 1.1 'Open' Host Controller (OHCI) Driver
[Tue Nov 27 02:13:16 2018] ohci-pci: OHCI PCI platform driver
[Tue Nov 27 02:13:16 2018] uhci_hcd: USB Universal Host Controller Interface driver
[Tue Nov 27 02:13:16 2018] usbcore: registered new interface driver usblp
[Tue Nov 27 02:13:16 2018] usbcore: registered new interface driver usb-storage
[Tue Nov 27 02:13:16 2018] i8042: PNP: PS/2 Controller [PNP0303:PS2K,PNP0f03:PS2M] at 0x60,0x64 irq 1,12
[Tue Nov 27 02:13:16 2018] serio: i8042 KBD port at 0x60,0x64 irq 1
[Tue Nov 27 02:13:16 2018] serio: i8042 AUX port at 0x60,0x64 irq 12
[Tue Nov 27 02:13:16 2018] input: AT Translated Set 2 keyboard as /devices/platform/i8042/serio0/input/input3
[Tue Nov 27 02:13:16 2018] rtc_cmos 00:02: registered as rtc0
[Tue Nov 27 02:13:16 2018] rtc_cmos 00:02: alarms up to one day, 114 bytes nvram, hpet irqs
[Tue Nov 27 02:13:16 2018] device-mapper: ioctl: 4.39.0-ioctl (2018-04-03) initialised: dm-devel@redhat.com
[Tue Nov 27 02:13:16 2018] hidraw: raw HID events driver (C) Jiri Kosina
[Tue Nov 27 02:13:16 2018] usbcore: registered new interface driver usbhid
[Tue Nov 27 02:13:16 2018] usbhid: USB HID core driver
[Tue Nov 27 02:13:16 2018] Initializing XFRM netlink socket
[Tue Nov 27 02:13:16 2018] NET: Registered protocol family 10
[Tue Nov 27 02:13:16 2018] Segment Routing with IPv6
[Tue Nov 27 02:13:16 2018] sit: IPv6, IPv4 and MPLS over IPv4 tunneling driver
[Tue Nov 27 02:13:16 2018] NET: Registered protocol family 17
[Tue Nov 27 02:13:16 2018] Key type dns_resolver registered
[Tue Nov 27 02:13:16 2018] sched_clock: Marking stable (276898230, 43861939)->(430351037, -109590868)
[Tue Nov 27 02:13:16 2018] registered taskstats version 1
[Tue Nov 27 02:13:16 2018] Loading compiled-in X.509 certificates
[Tue Nov 27 02:13:16 2018]   Magic number: 10:437:208
[Tue Nov 27 02:13:16 2018] vc vcsa: hash matches
[Tue Nov 27 02:13:16 2018] printk: console [netcon0] enabled
[Tue Nov 27 02:13:16 2018] netconsole: network logging started
[Tue Nov 27 02:13:16 2018] cfg80211: Loading compiled-in X.509 certificates for regulatory database
[Tue Nov 27 02:13:16 2018] cfg80211: Loaded X.509 cert 'sforshee: 00b28ddf47aef9cea7'
[Tue Nov 27 02:13:16 2018] ALSA device list:
[Tue Nov 27 02:13:16 2018]   No soundcards found.
[Tue Nov 27 02:13:16 2018] platform regulatory.0: Direct firmware load for regulatory.db failed with error -2
[Tue Nov 27 02:13:16 2018] cfg80211: failed to load regulatory.db
[Tue Nov 27 02:13:16 2018] ata1.01: NODEV after polling detection
[Tue Nov 27 02:13:16 2018] ata1.00: ATA-6: VBOX HARDDISK, 1.0, max UDMA/133
[Tue Nov 27 02:13:16 2018] ata1.00: 58720256 sectors, multi 128: LBA 
[Tue Nov 27 02:13:16 2018] scsi 0:0:0:0: Direct-Access     ATA      VBOX HARDDISK    1.0  PQ: 0 ANSI: 5
[Tue Nov 27 02:13:16 2018] sd 0:0:0:0: Attached scsi generic sg0 type 0
[Tue Nov 27 02:13:16 2018] sd 0:0:0:0: [sda] 58720256 512-byte logical blocks: (30.1 GB/28.0 GiB)
[Tue Nov 27 02:13:16 2018] sd 0:0:0:0: [sda] Write Protect is off
[Tue Nov 27 02:13:16 2018] sd 0:0:0:0: [sda] Mode Sense: 00 3a 00 00
[Tue Nov 27 02:13:16 2018] sd 0:0:0:0: [sda] Write cache: enabled, read cache: enabled, doesn't support DPO or FUA
[Tue Nov 27 02:13:16 2018]  sda: sda1 sda2 sda3 sda4
[Tue Nov 27 02:13:16 2018] sd 0:0:0:0: [sda] Attached SCSI disk
[Tue Nov 27 02:13:16 2018] random: fast init done
[Tue Nov 27 02:13:16 2018] input: ImExPS/2 Generic Explorer Mouse as /devices/platform/i8042/serio1/input/input5
[Tue Nov 27 02:13:16 2018] md: Waiting for all devices to be available before autodetect
[Tue Nov 27 02:13:16 2018] md: If you don't use raid, use raid=noautodetect
[Tue Nov 27 02:13:16 2018] md: Autodetecting RAID arrays.
[Tue Nov 27 02:13:16 2018] md: autorun ...
[Tue Nov 27 02:13:16 2018] md: ... autorun DONE.
[Tue Nov 27 02:13:16 2018] EXT4-fs (sda3): mounted filesystem with ordered data mode. Opts: (null)
[Tue Nov 27 02:13:16 2018] VFS: Mounted root (ext4 filesystem) readonly on device 8:3.
[Tue Nov 27 02:13:16 2018] devtmpfs: mounted
[Tue Nov 27 02:13:16 2018] Freeing unused kernel image memory: 1256K
[Tue Nov 27 02:13:16 2018] Write protecting the kernel read-only data: 20480k
[Tue Nov 27 02:13:16 2018] Freeing unused kernel image memory: 2008K
[Tue Nov 27 02:13:16 2018] Freeing unused kernel image memory: 924K
[Tue Nov 27 02:13:16 2018] Run /sbin/init as init process
[Tue Nov 27 02:13:16 2018] stty (122) used greatest stack depth: 13440 bytes left
[Tue Nov 27 02:13:16 2018] mount (131) used greatest stack depth: 13376 bytes left
[Tue Nov 27 02:13:17 2018] ip (182) used greatest stack depth: 11864 bytes left
[Tue Nov 27 02:13:17 2018] udevd[212]: starting version 3.2.7
[Tue Nov 27 02:13:17 2018] random: udevd: uninitialized urandom read (16 bytes read)
[Tue Nov 27 02:13:17 2018] random: udevd: uninitialized urandom read (16 bytes read)
[Tue Nov 27 02:13:17 2018] random: udevd: uninitialized urandom read (16 bytes read)
[Tue Nov 27 02:13:17 2018] udevd[212]: specified group 'kvm' unknown
[Tue Nov 27 02:13:17 2018] udevd[213]: starting eudev-3.2.7
[Tue Nov 27 02:13:17 2018] tsc: Refined TSC clocksource calibration: 2893.407 MHz
[Tue Nov 27 02:13:17 2018] clocksource: tsc: mask: 0xffffffffffffffff max_cycles: 0x29b4eef41a6, max_idle_ns: 440795231367 ns
[Tue Nov 27 02:13:17 2018] clocksource: Switched to clocksource tsc
[Tue Nov 27 02:13:17 2018] random: crng init done
[Tue Nov 27 02:13:17 2018] random: 4 urandom warning(s) missed due to ratelimiting
[Tue Nov 27 02:13:18 2018] Adding 2097148k swap on /dev/sda4.  Priority:1 extents:1 across:2097148k 
[Tue Nov 27 02:13:18 2018] EXT4-fs (sda3): re-mounted. Opts: (null)
[Tue Nov 27 02:13:18 2018] EXT4-fs (sda3): re-mounted. Opts: (null)
[Tue Nov 27 02:13:18 2018] EXT4-fs (sda2): mounting ext2 file system using the ext4 subsystem
[Tue Nov 27 02:13:18 2018] EXT4-fs (sda2): mounted filesystem without journal. Opts: (null)
[Tue Nov 27 02:13:19 2018] pcnet32 0000:00:03.0 eth0: link up, 100Mbps, full-duplex
[Tue Nov 27 02:13:19 2018] udevd[213]: specified group 'kvm' unknown
